MPLINK 5.08, LINKER
Linker Map File - Created Mon Nov 20 14:57:53 2017

                                 Section Info
                  Section       Type    Address   Location Size(Bytes)
                ---------  ---------  ---------  ---------  ---------
                   .org_0       code   0x000000    program   0x000002
                   .cinit    romdata   0x000001    program   0x000004
                   .org_1       code   0x000004    program   0x000070
.config_2007_BUILD/DEFAULT/PRODUCTION/MAINPRO       code   0x002007    program   0x000002



                              Program Memory Usage 
                               Start         End      
                           ---------   ---------      
                            0x000000    0x000002      
                            0x000004    0x00003b      
                            0x002007    0x002007      
            60 out of 1094 program addresses used, program memory utilization is 5%



                              Symbols - Sorted by Name
                     Name    Address   Location    Storage File                     
                ---------  ---------  ---------  --------- ---------                
                 ELSE_IF1   0x000038    program     static C:\Users\Gabriel Borralho\MPLABXProjects\QUESTAO_7.X\mainProj_questao7.asm
                ELSE_IF1S   0x000012    program     static C:\Users\Gabriel Borralho\MPLABXProjects\QUESTAO_7.X\mainProj_questao7.asm
                ELSE_IF2S   0x00000f    program     static C:\Users\Gabriel Borralho\MPLABXProjects\QUESTAO_7.X\mainProj_questao7.asm
                  END_IF1   0x00003a    program     static C:\Users\Gabriel Borralho\MPLABXProjects\QUESTAO_7.X\mainProj_questao7.asm
                 END_IF1S   0x000013    program     static C:\Users\Gabriel Borralho\MPLABXProjects\QUESTAO_7.X\mainProj_questao7.asm
                 END_IF2S   0x000010    program     static C:\Users\Gabriel Borralho\MPLABXProjects\QUESTAO_7.X\mainProj_questao7.asm
                      IF1   0x000033    program     static C:\Users\Gabriel Borralho\MPLABXProjects\QUESTAO_7.X\mainProj_questao7.asm
                     IF1S   0x000008    program     static C:\Users\Gabriel Borralho\MPLABXProjects\QUESTAO_7.X\mainProj_questao7.asm
                     IF2S   0x00000b    program     static C:\Users\Gabriel Borralho\MPLABXProjects\QUESTAO_7.X\mainProj_questao7.asm
                     LOOP   0x000032    program     static C:\Users\Gabriel Borralho\MPLABXProjects\QUESTAO_7.X\mainProj_questao7.asm
               START_PROG   0x00001c    program     static C:\Users\Gabriel Borralho\MPLABXProjects\QUESTAO_7.X\mainProj_questao7.asm
                  SUB_INT   0x000004    program     static C:\Users\Gabriel Borralho\MPLABXProjects\QUESTAO_7.X\mainProj_questao7.asm
                 THEN_IF1   0x000035    program     static C:\Users\Gabriel Borralho\MPLABXProjects\QUESTAO_7.X\mainProj_questao7.asm
                THEN_IF1S   0x00000a    program     static C:\Users\Gabriel Borralho\MPLABXProjects\QUESTAO_7.X\mainProj_questao7.asm
                THEN_IF2S   0x00000d    program     static C:\Users\Gabriel Borralho\MPLABXProjects\QUESTAO_7.X\mainProj_questao7.asm



                              Symbols - Sorted by Address
                     Name    Address   Location    Storage File                     
                ---------  ---------  ---------  --------- ---------                
                  SUB_INT   0x000004    program     static C:\Users\Gabriel Borralho\MPLABXProjects\QUESTAO_7.X\mainProj_questao7.asm
                     IF1S   0x000008    program     static C:\Users\Gabriel Borralho\MPLABXProjects\QUESTAO_7.X\mainProj_questao7.asm
                THEN_IF1S   0x00000a    program     static C:\Users\Gabriel Borralho\MPLABXProjects\QUESTAO_7.X\mainProj_questao7.asm
                     IF2S   0x00000b    program     static C:\Users\Gabriel Borralho\MPLABXProjects\QUESTAO_7.X\mainProj_questao7.asm
                THEN_IF2S   0x00000d    program     static C:\Users\Gabriel Borralho\MPLABXProjects\QUESTAO_7.X\mainProj_questao7.asm
                ELSE_IF2S   0x00000f    program     static C:\Users\Gabriel Borralho\MPLABXProjects\QUESTAO_7.X\mainProj_questao7.asm
                 END_IF2S   0x000010    program     static C:\Users\Gabriel Borralho\MPLABXProjects\QUESTAO_7.X\mainProj_questao7.asm
                ELSE_IF1S   0x000012    program     static C:\Users\Gabriel Borralho\MPLABXProjects\QUESTAO_7.X\mainProj_questao7.asm
                 END_IF1S   0x000013    program     static C:\Users\Gabriel Borralho\MPLABXProjects\QUESTAO_7.X\mainProj_questao7.asm
               START_PROG   0x00001c    program     static C:\Users\Gabriel Borralho\MPLABXProjects\QUESTAO_7.X\mainProj_questao7.asm
                     LOOP   0x000032    program     static C:\Users\Gabriel Borralho\MPLABXProjects\QUESTAO_7.X\mainProj_questao7.asm
                      IF1   0x000033    program     static C:\Users\Gabriel Borralho\MPLABXProjects\QUESTAO_7.X\mainProj_questao7.asm
                 THEN_IF1   0x000035    program     static C:\Users\Gabriel Borralho\MPLABXProjects\QUESTAO_7.X\mainProj_questao7.asm
                 ELSE_IF1   0x000038    program     static C:\Users\Gabriel Borralho\MPLABXProjects\QUESTAO_7.X\mainProj_questao7.asm
                  END_IF1   0x00003a    program     static C:\Users\Gabriel Borralho\MPLABXProjects\QUESTAO_7.X\mainProj_questao7.asm


